[[1;34mINFO[m] Scanning for projects...
[[1;34mINFO[m] 
[[1;34mINFO[m] [1m----------< [0;36mio.github.hiwepy:aliyun-oss-spring-boot-starter[0;1m >----------[m
[[1;34mINFO[m] [1mBuilding io.github.hiwepy:aliyun-oss-spring-boot-starter 2.3.x.20240823.RELEASE[m
[[1;34mINFO[m] [1m--------------------------------[ jar ]---------------------------------[m
Downloading from aiban-tianyin-core: https://aiban-maven.pkg.coding.net/repository/tianyin/core/org/springframework/boot/spring-boot-actuator-autoconfigure/2.3.0.RELEASE/spring-boot-actuator-autoconfigure-2.3.0.RELEASE.pom
Progress (1): 3.5 kB
                    
Downloaded from aiban-tianyin-core: https://aiban-maven.pkg.coding.net/repository/tianyin/core/org/springframework/boot/spring-boot-actuator-autoconfigure/2.3.0.RELEASE/spring-boot-actuator-autoconfigure-2.3.0.RELEASE.pom (3.5 kB at 5.2 kB/s)
Downloading from aiban-tianyin-core: https://aiban-maven.pkg.coding.net/repository/tianyin/core/org/springframework/boot/spring-boot-actuator/2.3.0.RELEASE/spring-boot-actuator-2.3.0.RELEASE.pom
Progress (1): 2.4 kB
                    
Downloaded from aiban-tianyin-core: https://aiban-maven.pkg.coding.net/repository/tianyin/core/org/springframework/boot/spring-boot-actuator/2.3.0.RELEASE/spring-boot-actuator-2.3.0.RELEASE.pom (2.4 kB at 9.0 kB/s)
Downloading from aiban-tianyin-core: https://aiban-maven.pkg.coding.net/repository/tianyin/core/org/jdom/jdom2/2.0.6/jdom2-2.0.6.pom
Downloaded from aiban-tianyin-core: https://aiban-maven.pkg.coding.net/repository/tianyin/core/org/jdom/jdom2/2.0.6/jdom2-2.0.6.pom (0 B at 0 B/s)
Downloading from aiban-tianyin-core: https://aiban-maven.pkg.coding.net/repository/tianyin/core/org/jacoco/org.jacoco.agent/0.8.5/org.jacoco.agent-0.8.5.pom
Downloaded from aiban-tianyin-core: https://aiban-maven.pkg.coding.net/repository/tianyin/core/org/jacoco/org.jacoco.agent/0.8.5/org.jacoco.agent-0.8.5.pom (0 B at 0 B/s)
Downloading from aiban-tianyin-core: https://aiban-maven.pkg.coding.net/repository/tianyin/core/org/jacoco/org.jacoco.build/0.8.5/org.jacoco.build-0.8.5.pom
Downloaded from aiban-tianyin-core: https://aiban-maven.pkg.coding.net/repository/tianyin/core/org/jacoco/org.jacoco.build/0.8.5/org.jacoco.build-0.8.5.pom (0 B at 0 B/s)
Downloading from aiban-tianyin-core: https://aiban-maven.pkg.coding.net/repository/tianyin/core/org/springframework/boot/spring-boot-actuator-autoconfigure/2.3.0.RELEASE/spring-boot-actuator-autoconfigure-2.3.0.RELEASE.jar
Downloading from aiban-tianyin-core: https://aiban-maven.pkg.coding.net/repository/tianyin/core/org/jacoco/org.jacoco.agent/0.8.5/org.jacoco.agent-0.8.5-runtime.jar
Downloading from aiban-tianyin-core: https://aiban-maven.pkg.coding.net/repository/tianyin/core/com/fasterxml/jackson/datatype/jackson-datatype-jsr310/2.11.0/jackson-datatype-jsr310-2.11.0.jar
Downloading from aiban-tianyin-core: https://aiban-maven.pkg.coding.net/repository/tianyin/core/org/springframework/boot/spring-boot-actuator/2.3.0.RELEASE/spring-boot-actuator-2.3.0.RELEASE.jar
Progress (1): 4.1 kB
Progress (1): 8.2 kB
Progress (1): 12 kB 
Progress (1): 16 kB
Progress (1): 19 kB
Progress (1): 22 kB
Progress (1): 25 kB
Progress (1): 28 kB
Progress (1): 32 kB
Progress (1): 36 kB
Progress (1): 39 kB
Progress (1): 42 kB
Progress (1): 45 kB
Progress (1): 47 kB
Progress (1): 50 kB
Progress (1): 54 kB
Progress (1): 58 kB
Progress (1): 62 kB
Progress (1): 66 kB
Progress (1): 70 kB
Progress (1): 74 kB
Progress (1): 79 kB
Progress (1): 83 kB
Progress (1): 87 kB
Progress (1): 91 kB
Progress (1): 95 kB
Progress (1): 99 kB
Progress (1): 103 kB
Progress (1): 107 kB
Progress (1): 111 kB
Progress (1): 115 kB
Progress (1): 119 kB
Progress (1): 124 kB
Progress (1): 128 kB
Progress (1): 132 kB
Progress (1): 136 kB
Progress (1): 140 kB
Progress (1): 144 kB
Progress (1): 148 kB
Progress (1): 152 kB
Progress (1): 156 kB
Progress (1): 160 kB
Progress (1): 165 kB
Progress (1): 169 kB
Progress (1): 173 kB
Progress (1): 177 kB
Progress (1): 181 kB
Progress (1): 185 kB
Progress (1): 189 kB
Progress (1): 193 kB
Progress (1): 197 kB
Progress (1): 201 kB
Progress (1): 205 kB
Progress (1): 210 kB
Progress (1): 214 kB
Progress (1): 218 kB
Progress (1): 222 kB
Progress (1): 226 kB
Progress (1): 230 kB
Progress (1): 234 kB
Progress (1): 238 kB
Progress (1): 242 kB
Progress (1): 246 kB
Progress (1): 251 kB
Progress (1): 255 kB
Progress (1): 259 kB
Progress (1): 263 kB
Progress (1): 267 kB
Progress (1): 271 kB
Progress (1): 275 kB
Progress (1): 279 kB
Progress (1): 283 kB
Progress (1): 287 kB
Progress (1): 291 kB
Progress (1): 296 kB
Progress (1): 300 kB
Progress (1): 304 kB
Progress (1): 308 kB
Progress (1): 312 kB
Progress (1): 316 kB
Progress (1): 320 kB
Progress (1): 324 kB
Progress (1): 328 kB
Progress (1): 332 kB
Progress (1): 337 kB
Progress (1): 341 kB
Progress (1): 345 kB
Progress (1): 349 kB
Progress (1): 353 kB
Progress (1): 357 kB
Progress (1): 361 kB
Progress (1): 365 kB
Progress (1): 369 kB
Progress (1): 373 kB
Progress (1): 377 kB
Progress (1): 382 kB
Progress (1): 386 kB
Progress (1): 390 kB
Progress (1): 394 kB
Progress (1): 398 kB
Progress (1): 402 kB
Progress (1): 406 kB
Progress (1): 410 kB
Progress (1): 414 kB
Progress (1): 418 kB
Progress (1): 422 kB
Progress (1): 427 kB
Progress (1): 431 kB
Progress (1): 435 kB
Progress (1): 439 kB
Progress (1): 443 kB
Progress (1): 447 kB
Progress (1): 451 kB
Progress (1): 455 kB
Progress (1): 459 kB
Progress (1): 463 kB
Progress (1): 467 kB
Progress (1): 472 kB
Progress (1): 476 kB
Progress (1): 480 kB
Progress (1): 484 kB
Progress (1): 488 kB
Progress (1): 492 kB
Progress (1): 496 kB
Progress (1): 500 kB
Progress (1): 504 kB
Progress (1): 508 kB
Progress (1): 511 kB
                    
Downloaded from aiban-tianyin-core: https://aiban-maven.pkg.coding.net/repository/tianyin/core/org/jacoco/org.jacoco.agent/0.8.5/org.jacoco.agent-0.8.5-runtime.jar (0 B at 0 B/s)
Downloaded from aiban-tianyin-core: https://aiban-maven.pkg.coding.net/repository/tianyin/core/com/fasterxml/jackson/datatype/jackson-datatype-jsr310/2.11.0/jackson-datatype-jsr310-2.11.0.jar (0 B at 0 B/s)
Progress (2): 511 kB | 4.1 kB
Progress (2): 511 kB | 8.2 kB
Progress (2): 511 kB | 11 kB 
Progress (2): 511 kB | 14 kB
Progress (2): 511 kB | 17 kB
Progress (2): 511 kB | 21 kB
                            
Downloaded from aiban-tianyin-core: https://aiban-maven.pkg.coding.net/repository/tianyin/core/org/springframework/boot/spring-boot-actuator-autoconfigure/2.3.0.RELEASE/spring-boot-actuator-autoconfigure-2.3.0.RELEASE.jar (511 kB at 872 kB/s)
Progress (1): 24 kB
Progress (1): 26 kB
Progress (1): 31 kB
Progress (1): 34 kB
Progress (1): 38 kB
Progress (1): 41 kB
Progress (1): 45 kB
Progress (1): 49 kB
Progress (1): 53 kB
Progress (1): 57 kB
Progress (1): 61 kB
Progress (1): 65 kB
Progress (1): 69 kB
Progress (1): 73 kB
Progress (1): 77 kB
Progress (1): 82 kB
Progress (1): 86 kB
Progress (1): 90 kB
Progress (1): 94 kB
Progress (1): 98 kB
Progress (1): 102 kB
Progress (1): 106 kB
Progress (1): 110 kB
Progress (1): 114 kB
Progress (1): 118 kB
Progress (1): 123 kB
Progress (1): 127 kB
Progress (1): 131 kB
Progress (1): 135 kB
Progress (1): 139 kB
Progress (1): 143 kB
Progress (1): 147 kB
Progress (1): 151 kB
Progress (1): 155 kB
Progress (1): 159 kB
Progress (1): 164 kB
Progress (1): 168 kB
Progress (1): 172 kB
Progress (1): 176 kB
Progress (1): 180 kB
Progress (1): 184 kB
Progress (1): 188 kB
Progress (1): 192 kB
Progress (1): 196 kB
Progress (1): 200 kB
Progress (1): 204 kB
Progress (1): 209 kB
Progress (1): 213 kB
Progress (1): 217 kB
Progress (1): 221 kB
Progress (1): 225 kB
Progress (1): 229 kB
Progress (1): 233 kB
Progress (1): 237 kB
Progress (1): 241 kB
Progress (1): 245 kB
Progress (1): 250 kB
Progress (1): 254 kB
Progress (1): 258 kB
Progress (1): 262 kB
Progress (1): 266 kB
Progress (1): 270 kB
Progress (1): 274 kB
Progress (1): 278 kB
Progress (1): 282 kB
Progress (1): 286 kB
Progress (1): 290 kB
Progress (1): 295 kB
Progress (1): 299 kB
Progress (1): 303 kB
Progress (1): 307 kB
Progress (1): 311 kB
Progress (1): 315 kB
Progress (1): 319 kB
Progress (1): 323 kB
Progress (1): 327 kB
Progress (1): 331 kB
Progress (1): 336 kB
Progress (1): 340 kB
Progress (1): 344 kB
Progress (1): 348 kB
Progress (1): 352 kB
Progress (1): 356 kB
Progress (1): 360 kB
Progress (1): 364 kB
Progress (1): 368 kB
Progress (1): 372 kB
Progress (1): 377 kB
Progress (1): 381 kB
Progress (1): 385 kB
Progress (1): 389 kB
Progress (1): 393 kB
Progress (1): 397 kB
Progress (1): 401 kB
Progress (1): 405 kB
Progress (1): 409 kB
Progress (1): 413 kB
Progress (1): 417 kB
Progress (1): 422 kB
Progress (1): 426 kB
Progress (1): 430 kB
Progress (1): 434 kB
Progress (1): 438 kB
Progress (1): 442 kB
Progress (1): 446 kB
Progress (1): 450 kB
Progress (1): 454 kB
Progress (1): 458 kB
Progress (1): 463 kB
Progress (1): 467 kB
Progress (1): 471 kB
Progress (1): 475 kB
Progress (1): 479 kB
Progress (1): 483 kB
Progress (1): 487 kB
Progress (1): 491 kB
Progress (1): 495 kB
Progress (1): 499 kB
Progress (1): 503 kB
Progress (1): 508 kB
Progress (1): 512 kB
Progress (1): 516 kB
Progress (1): 520 kB
Progress (1): 524 kB
Progress (1): 528 kB
Progress (1): 532 kB
Progress (1): 536 kB
Progress (1): 540 kB
Progress (1): 544 kB
Progress (1): 549 kB
Progress (1): 553 kB
Progress (1): 557 kB
Progress (1): 561 kB
Progress (1): 565 kB
Progress (1): 569 kB
Progress (1): 573 kB
Progress (1): 577 kB
Progress (1): 581 kB
Progress (1): 585 kB
Progress (1): 589 kB
                    
Downloaded from aiban-tianyin-core: https://aiban-maven.pkg.coding.net/repository/tianyin/core/org/springframework/boot/spring-boot-actuator/2.3.0.RELEASE/spring-boot-actuator-2.3.0.RELEASE.jar (589 kB at 722 kB/s)
[[1;34mINFO[m] 
[[1;34mINFO[m] [1m--- [0;32mmaven-clean-plugin:3.1.0:clean[m [1m(default-clean)[m @ [36maliyun-oss-spring-boot-starter[0;1m ---[m
[[1;34mINFO[m] Deleting /Users/wandl/workspaces/workspace-ddd4j/workspace-ddd4j-boot-starters/aliyun-oss-spring-boot-starter/target
[[1;34mINFO[m] 
[[1;34mINFO[m] [1m--- [0;32mmaven-enforcer-plugin:3.0.0-M3:enforce[m [1m(default-cli)[m @ [36maliyun-oss-spring-boot-starter[0;1m ---[m
[[1;34mINFO[m] 
[[1;34mINFO[m] [1m--- [0;32mmaven-resources-plugin:3.1.0:resources[m [1m(default-resources)[m @ [36maliyun-oss-spring-boot-starter[0;1m ---[m
[[1;34mINFO[m] Using 'UTF-8' encoding to copy filtered resources.
[[1;34mINFO[m] Copying 0 resource
[[1;34mINFO[m] Copying 2 resources
[[1;34mINFO[m] 
[[1;34mINFO[m] [1m--- [0;32mmaven-compiler-plugin:3.8.1:compile[m [1m(default-compile)[m @ [36maliyun-oss-spring-boot-starter[0;1m ---[m
[[1;34mINFO[m] Changes detected - recompiling the module!
[[1;34mINFO[m] Compiling 11 source files to /Users/wandl/workspaces/workspace-ddd4j/workspace-ddd4j-boot-starters/aliyun-oss-spring-boot-starter/target/classes
[[1;34mINFO[m] [1m------------------------------------------------------------------------[m
[[1;34mINFO[m] [1;31mBUILD FAILURE[m
[[1;34mINFO[m] [1m------------------------------------------------------------------------[m
[[1;34mINFO[m] Total time:  2.982 s
[[1;34mINFO[m] Finished at: 2026-03-16T13:38:25+08:00
[[1;34mINFO[m] [1m------------------------------------------------------------------------[m
[[1;31mERROR[m] Failed to execute goal [32morg.apache.maven.plugins:maven-compiler-plugin:3.8.1:compile[m [1m(default-compile)[m on project [36maliyun-oss-spring-boot-starter[m: [1;31mFatal error compiling[m: java.lang.IllegalAccessError: class lombok.javac.apt.LombokProcessor (in unnamed module @0x75ad30c1) cannot access class com.sun.tools.javac.processing.JavacProcessingEnvironment (in module jdk.compiler) because module jdk.compiler does not export com.sun.tools.javac.processing to unnamed module @0x75ad30c1 -> [1m[Help 1][m
[[1;31mERROR[m] 
[[1;31mERROR[m] To see the full stack trace of the errors, re-run Maven with the [1m-e[m switch.
[[1;31mERROR[m] Re-run Maven using the [1m-X[m switch to enable full debug logging.
[[1;31mERROR[m] 
[[1;31mERROR[m] For more information about the errors and possible solutions, please read the following articles:
[[1;31mERROR[m] [1m[Help 1][m http://cwiki.apache.org/confluence/display/MAVEN/MojoExecutionException
[aliyun-oss-spring-boot-starter/2.3.x] 失败 - 查看日志
[[1;34mINFO[m] Scanning for projects...
[[1;34mINFO[m] 
[[1;34mINFO[m] [1m----------< [0;36mio.github.hiwepy:aliyun-oss-spring-boot-starter[0;1m >----------[m
[[1;34mINFO[m] [1mBuilding io.github.hiwepy:aliyun-oss-spring-boot-starter 2.7.x.20240823.RELEASE[m
[[1;34mINFO[m] [1m--------------------------------[ jar ]---------------------------------[m
Downloading from aiban-tianyin-core: https://aiban-maven.pkg.coding.net/repository/tianyin/core/org/springframework/boot/spring-boot-actuator-autoconfigure/2.7.0/spring-boot-actuator-autoconfigure-2.7.0.pom
Progress (1): 2.6 kB
Progress (1): 2.9 kB
                    
Downloaded from aiban-tianyin-core: https://aiban-maven.pkg.coding.net/repository/tianyin/core/org/springframework/boot/spring-boot-actuator-autoconfigure/2.7.0/spring-boot-actuator-autoconfigure-2.7.0.pom (2.9 kB at 4.4 kB/s)
Downloading from aiban-tianyin-core: https://aiban-maven.pkg.coding.net/repository/tianyin/core/org/springframework/boot/spring-boot-actuator/2.7.0/spring-boot-actuator-2.7.0.pom
Progress (1): 2.1 kB
                    
Downloaded from aiban-tianyin-core: https://aiban-maven.pkg.coding.net/repository/tianyin/core/org/springframework/boot/spring-boot-actuator/2.7.0/spring-boot-actuator-2.7.0.pom (2.1 kB at 6.4 kB/s)
Downloading from aiban-tianyin-core: https://aiban-maven.pkg.coding.net/repository/tianyin/core/org/jdom/jdom2/2.0.6.1/jdom2-2.0.6.1.pom
Downloaded from aiban-tianyin-core: https://aiban-maven.pkg.coding.net/repository/tianyin/core/org/jdom/jdom2/2.0.6.1/jdom2-2.0.6.1.pom (0 B at 0 B/s)
Downloading from aiban-tianyin-core: https://aiban-maven.pkg.coding.net/repository/tianyin/core/org/springframework/boot/spring-boot-actuator-autoconfigure/2.7.0/spring-boot-actuator-autoconfigure-2.7.0.jar
Downloading from aiban-tianyin-core: https://aiban-maven.pkg.coding.net/repository/tianyin/core/com/fasterxml/jackson/datatype/jackson-datatype-jsr310/2.13.3/jackson-datatype-jsr310-2.13.3.jar
Downloading from aiban-tianyin-core: https://aiban-maven.pkg.coding.net/repository/tianyin/core/org/springframework/boot/spring-boot-actuator/2.7.0/spring-boot-actuator-2.7.0.jar
Downloaded from aiban-tianyin-core: https://aiban-maven.pkg.coding.net/repository/tianyin/core/com/fasterxml/jackson/datatype/jackson-datatype-jsr310/2.13.3/jackson-datatype-jsr310-2.13.3.jar (0 B at 0 B/s)
Progress (1): 2.6 kB
Progress (1): 6.7 kB
Progress (1): 11 kB 
Progress (1): 14 kB
Progress (1): 17 kB
Progress (1): 21 kB
Progress (1): 24 kB
Progress (1): 26 kB
Progress (1): 29 kB
Progress (1): 33 kB
Progress (1): 36 kB
Progress (1): 39 kB
Progress (1): 42 kB
Progress (1): 44 kB
Progress (1): 49 kB
Progress (1): 53 kB
Progress (1): 56 kB
Progress (1): 60 kB
Progress (1): 64 kB
Progress (1): 68 kB
Progress (1): 72 kB
Progress (1): 76 kB
Progress (1): 80 kB
Progress (1): 84 kB
Progress (1): 88 kB
Progress (1): 92 kB
Progress (1): 97 kB
Progress (1): 101 kB
Progress (1): 105 kB
Progress (1): 109 kB
Progress (1): 113 kB
Progress (1): 117 kB
Progress (1): 121 kB
Progress (1): 125 kB
Progress (1): 129 kB
Progress (1): 133 kB
Progress (1): 138 kB
Progress (1): 142 kB
Progress (1): 146 kB
Progress (1): 150 kB
Progress (1): 154 kB
Progress (1): 158 kB
Progress (1): 162 kB
Progress (1): 166 kB
Progress (1): 170 kB
Progress (1): 174 kB
Progress (1): 178 kB
Progress (1): 183 kB
Progress (1): 187 kB
Progress (1): 191 kB
Progress (1): 195 kB
Progress (1): 199 kB
Progress (1): 203 kB
Progress (1): 207 kB
Progress (1): 211 kB
Progress (1): 215 kB
Progress (1): 219 kB
Progress (1): 224 kB
Progress (1): 228 kB
Progress (1): 232 kB
Progress (1): 236 kB
Progress (1): 240 kB
Progress (1): 244 kB
Progress (1): 248 kB
Progress (1): 252 kB
Progress (1): 256 kB
Progress (1): 260 kB
Progress (1): 264 kB
Progress (1): 269 kB
Progress (1): 273 kB
Progress (1): 277 kB
Progress (1): 281 kB
Progress (1): 285 kB
Progress (1): 289 kB
Progress (1): 293 kB
Progress (1): 297 kB
Progress (1): 301 kB
Progress (1): 305 kB
Progress (1): 310 kB
Progress (1): 314 kB
Progress (1): 318 kB
Progress (1): 322 kB
Progress (1): 326 kB
Progress (1): 330 kB
Progress (1): 334 kB
Progress (1): 338 kB
Progress (1): 342 kB
Progress (1): 346 kB
Progress (1): 350 kB
Progress (1): 355 kB
Progress (1): 359 kB
Progress (1): 363 kB
Progress (1): 367 kB
Progress (1): 371 kB
Progress (1): 375 kB
Progress (1): 379 kB
Progress (1): 383 kB
Progress (1): 387 kB
Progress (1): 391 kB
Progress (1): 396 kB
Progress (1): 400 kB
Progress (1): 404 kB
Progress (1): 408 kB
Progress (1): 412 kB
Progress (1): 416 kB
Progress (1): 420 kB
Progress (1): 424 kB
Progress (1): 428 kB
Progress (1): 432 kB
Progress (1): 436 kB
Progress (1): 441 kB
Progress (1): 445 kB
Progress (1): 449 kB
Progress (1): 453 kB
Progress (1): 457 kB
Progress (1): 461 kB
Progress (1): 465 kB
Progress (1): 469 kB
Progress (1): 473 kB
Progress (1): 477 kB
Progress (1): 482 kB
Progress (1): 486 kB
Progress (1): 490 kB
Progress (1): 494 kB
Progress (1): 498 kB
Progress (1): 502 kB
Progress (1): 506 kB
Progress (1): 510 kB
Progress (1): 514 kB
Progress (1): 518 kB
Progress (1): 523 kB
Progress (1): 527 kB
Progress (1): 531 kB
Progress (1): 535 kB
Progress (1): 539 kB
Progress (1): 543 kB
Progress (1): 547 kB
Progress (1): 551 kB
Progress (1): 555 kB
Progress (1): 559 kB
Progress (1): 563 kB
Progress (1): 568 kB
Progress (1): 572 kB
Progress (1): 576 kB
Progress (1): 580 kB
Progress (1): 584 kB
Progress (1): 588 kB
Progress (1): 592 kB
Progress (1): 596 kB
Progress (1): 600 kB
Progress (1): 604 kB
Progress (1): 609 kB
Progress (1): 613 kB
Progress (1): 617 kB
Progress (1): 621 kB
Progress (1): 625 kB
Progress (1): 629 kB
Progress (1): 633 kB
Progress (1): 637 kB
Progress (1): 641 kB
Progress (1): 645 kB
Progress (1): 649 kB
Progress (1): 654 kB
Progress (1): 658 kB
Progress (1): 662 kB
Progress (1): 666 kB
Progress (1): 670 kB
Progress (1): 674 kB
Progress (1): 678 kB
Progress (1): 682 kB
Progress (1): 683 kB
Progress (2): 683 kB | 4.1 kB
Progress (2): 683 kB | 8.2 kB
Progress (2): 683 kB | 11 kB 
Progress (2): 683 kB | 14 kB
Progress (2): 683 kB | 17 kB
Progress (2): 683 kB | 21 kB
Progress (2): 683 kB | 25 kB
Progress (2): 683 kB | 28 kB
Progress (2): 683 kB | 31 kB
Progress (2): 683 kB | 33 kB
Progress (2): 683 kB | 37 kB
Progress (2): 683 kB | 41 kB
Progress (2): 683 kB | 43 kB
Progress (2): 683 kB | 46 kB
Progress (2): 683 kB | 50 kB
Progress (2): 683 kB | 54 kB
Progress (2): 683 kB | 58 kB
Progress (2): 683 kB | 62 kB
Progress (2): 683 kB | 66 kB
Progress (2): 683 kB | 70 kB
Progress (2): 683 kB | 74 kB
Progress (2): 683 kB | 78 kB
Progress (2): 683 kB | 83 kB
Progress (2): 683 kB | 87 kB
Progress (2): 683 kB | 91 kB
Progress (2): 683 kB | 95 kB
Progress (2): 683 kB | 99 kB
Progress (2): 683 kB | 103 kB
Progress (2): 683 kB | 107 kB
Progress (2): 683 kB | 111 kB
Progress (2): 683 kB | 115 kB
Progress (2): 683 kB | 119 kB
Progress (2): 683 kB | 123 kB
Progress (2): 683 kB | 128 kB
Progress (2): 683 kB | 132 kB
Progress (2): 683 kB | 136 kB
Progress (2): 683 kB | 140 kB
Progress (2): 683 kB | 144 kB
Progress (2): 683 kB | 148 kB
Progress (2): 683 kB | 152 kB
Progress (2): 683 kB | 156 kB
Progress (2): 683 kB | 160 kB
Progress (2): 683 kB | 164 kB
Progress (2): 683 kB | 169 kB
Progress (2): 683 kB | 173 kB
Progress (2): 683 kB | 177 kB
Progress (2): 683 kB | 181 kB
Progress (2): 683 kB | 185 kB
Progress (2): 683 kB | 189 kB
Progress (2): 683 kB | 193 kB
Progress (2): 683 kB | 197 kB
Progress (2): 683 kB | 201 kB
Progress (2): 683 kB | 205 kB
Progress (2): 683 kB | 209 kB
Progress (2): 683 kB | 214 kB
Progress (2): 683 kB | 218 kB
Progress (2): 683 kB | 222 kB
Progress (2): 683 kB | 226 kB
Progress (2): 683 kB | 230 kB
Progress (2): 683 kB | 234 kB
Progress (2): 683 kB | 238 kB
Progress (2): 683 kB | 242 kB
Progress (2): 683 kB | 246 kB
Progress (2): 683 kB | 250 kB
Progress (2): 683 kB | 255 kB
Progress (2): 683 kB | 259 kB
Progress (2): 683 kB | 263 kB
Progress (2): 683 kB | 267 kB
Progress (2): 683 kB | 271 kB
Progress (2): 683 kB | 275 kB
Progress (2): 683 kB | 279 kB
Progress (2): 683 kB | 283 kB
Progress (2): 683 kB | 287 kB
Progress (2): 683 kB | 291 kB
Progress (2): 683 kB | 295 kB
Progress (2): 683 kB | 300 kB
Progress (2): 683 kB | 304 kB
Progress (2): 683 kB | 308 kB
Progress (2): 683 kB | 312 kB
Progress (2): 683 kB | 316 kB
Progress (2): 683 kB | 320 kB
Progress (2): 683 kB | 324 kB
Progress (2): 683 kB | 328 kB
Progress (2): 683 kB | 332 kB
Progress (2): 683 kB | 336 kB
Progress (2): 683 kB | 341 kB
Progress (2): 683 kB | 345 kB
Progress (2): 683 kB | 349 kB
Progress (2): 683 kB | 353 kB
Progress (2): 683 kB | 357 kB
Progress (2): 683 kB | 361 kB
Progress (2): 683 kB | 365 kB
Progress (2): 683 kB | 369 kB
Progress (2): 683 kB | 373 kB
Progress (2): 683 kB | 377 kB
Progress (2): 683 kB | 381 kB
Progress (2): 683 kB | 386 kB
Progress (2): 683 kB | 390 kB
Progress (2): 683 kB | 394 kB
Progress (2): 683 kB | 398 kB
Progress (2): 683 kB | 402 kB
Progress (2): 683 kB | 406 kB
Progress (2): 683 kB | 410 kB
Progress (2): 683 kB | 414 kB
Progress (2): 683 kB | 418 kB
Progress (2): 683 kB | 422 kB
Progress (2): 683 kB | 427 kB
Progress (2): 683 kB | 431 kB
Progress (2): 683 kB | 435 kB
Progress (2): 683 kB | 439 kB
Progress (2): 683 kB | 443 kB
Progress (2): 683 kB | 447 kB
Progress (2): 683 kB | 451 kB
Progress (2): 683 kB | 455 kB
Progress (2): 683 kB | 459 kB
Progress (2): 683 kB | 463 kB
Progress (2): 683 kB | 467 kB
Progress (2): 683 kB | 472 kB
Progress (2): 683 kB | 476 kB
Progress (2): 683 kB | 480 kB
Progress (2): 683 kB | 484 kB
Progress (2): 683 kB | 488 kB
Progress (2): 683 kB | 492 kB
Progress (2): 683 kB | 496 kB
Progress (2): 683 kB | 500 kB
Progress (2): 683 kB | 504 kB
Progress (2): 683 kB | 508 kB
Progress (2): 683 kB | 512 kB
Progress (2): 683 kB | 517 kB
Progress (2): 683 kB | 521 kB
Progress (2): 683 kB | 525 kB
Progress (2): 683 kB | 529 kB
Progress (2): 683 kB | 533 kB
Progress (2): 683 kB | 537 kB
Progress (2): 683 kB | 541 kB
Progress (2): 683 kB | 545 kB
Progress (2): 683 kB | 549 kB
Progress (2): 683 kB | 553 kB
Progress (2): 683 kB | 558 kB
Progress (2): 683 kB | 562 kB
Progress (2): 683 kB | 566 kB
Progress (2): 683 kB | 567 kB
                             
Downloaded from aiban-tianyin-core: https://aiban-maven.pkg.coding.net/repository/tianyin/core/org/springframework/boot/spring-boot-actuator/2.7.0/spring-boot-actuator-2.7.0.jar (683 kB at 1.0 MB/s)
Downloaded from aiban-tianyin-core: https://aiban-maven.pkg.coding.net/repository/tianyin/core/org/springframework/boot/spring-boot-actuator-autoconfigure/2.7.0/spring-boot-actuator-autoconfigure-2.7.0.jar (567 kB at 728 kB/s)
[[1;34mINFO[m] 
[[1;34mINFO[m] [1m--- [0;32mmaven-clean-plugin:3.2.0:clean[m [1m(default-clean)[m @ [36maliyun-oss-spring-boot-starter[0;1m ---[m
[[1;34mINFO[m] Deleting /Users/wandl/workspaces/workspace-ddd4j/workspace-ddd4j-boot-starters/aliyun-oss-spring-boot-starter/target
[[1;34mINFO[m] 
[[1;34mINFO[m] [1m--- [0;32mmaven-enforcer-plugin:3.0.0:enforce[m [1m(default-cli)[m @ [36maliyun-oss-spring-boot-starter[0;1m ---[m
[[1;34mINFO[m] 
[[1;34mINFO[m] [1m--- [0;32mmaven-resources-plugin:3.1.0:resources[m [1m(default-resources)[m @ [36maliyun-oss-spring-boot-starter[0;1m ---[m
[[1;34mINFO[m] Using 'UTF-8' encoding to copy filtered resources.
[[1;34mINFO[m] Copying 0 resource
[[1;34mINFO[m] Copying 2 resources
[[1;34mINFO[m] 
[[1;34mINFO[m] [1m--- [0;32mmaven-compiler-plugin:3.10.1:compile[m [1m(default-compile)[m @ [36maliyun-oss-spring-boot-starter[0;1m ---[m
[[1;34mINFO[m] Changes detected - recompiling the module!
[[1;34mINFO[m] Compiling 11 source files to /Users/wandl/workspaces/workspace-ddd4j/workspace-ddd4j-boot-starters/aliyun-oss-spring-boot-starter/target/classes
[[1;34mINFO[m] [1m------------------------------------------------------------------------[m
[[1;34mINFO[m] [1;31mBUILD FAILURE[m
[[1;34mINFO[m] [1m------------------------------------------------------------------------[m
[[1;34mINFO[m] Total time:  2.749 s
[[1;34mINFO[m] Finished at: 2026-03-16T13:38:28+08:00
[[1;34mINFO[m] [1m------------------------------------------------------------------------[m
[[1;31mERROR[m] Failed to execute goal [32morg.apache.maven.plugins:maven-compiler-plugin:3.10.1:compile[m [1m(default-compile)[m on project [36maliyun-oss-spring-boot-starter[m: [1;31mFatal error compiling[m: java.lang.NoSuchFieldError: Class com.sun.tools.javac.tree.JCTree$JCImport does not have member field 'com.sun.tools.javac.tree.JCTree qualid' -> [1m[Help 1][m
[[1;31mERROR[m] 
[[1;31mERROR[m] To see the full stack trace of the errors, re-run Maven with the [1m-e[m switch.
[[1;31mERROR[m] Re-run Maven using the [1m-X[m switch to enable full debug logging.
[[1;31mERROR[m] 
[[1;31mERROR[m] For more information about the errors and possible solutions, please read the following articles:
[[1;31mERROR[m] [1m[Help 1][m http://cwiki.apache.org/confluence/display/MAVEN/MojoExecutionException
[aliyun-oss-spring-boot-starter/2.7.x] 失败 - 查看日志
[[1;34mINFO[m] Scanning for projects...
[[1;34mINFO[m] 
[[1;34mINFO[m] [1m----------< [0;36mio.github.hiwepy:aliyun-oss-spring-boot-starter[0;1m >----------[m
[[1;34mINFO[m] [1mBuilding io.github.hiwepy:aliyun-oss-spring-boot-starter 3.0.x.20251227-SNAPSHOT[m
[[1;34mINFO[m] [1m--------------------------------[ jar ]---------------------------------[m
Downloading from aiban-tianyin-core: https://aiban-maven.pkg.coding.net/repository/tianyin/core/io/opentelemetry/opentelemetry-api/1.19.0/opentelemetry-api-1.19.0.pom
Downloaded from aiban-tianyin-core: https://aiban-maven.pkg.coding.net/repository/tianyin/core/io/opentelemetry/opentelemetry-api/1.19.0/opentelemetry-api-1.19.0.pom (0 B at 0 B/s)
Downloading from aiban-tianyin-core: https://aiban-maven.pkg.coding.net/repository/tianyin/core/io/opentelemetry/opentelemetry-context/1.19.0/opentelemetry-context-1.19.0.pom
Downloaded from aiban-tianyin-core: https://aiban-maven.pkg.coding.net/repository/tianyin/core/io/opentelemetry/opentelemetry-context/1.19.0/opentelemetry-context-1.19.0.pom (0 B at 0 B/s)
Downloading from aiban-tianyin-core: https://aiban-maven.pkg.coding.net/repository/tianyin/core/io/opentelemetry/opentelemetry-api/1.19.0/opentelemetry-api-1.19.0.jar
Downloading from aiban-tianyin-core: https://aiban-maven.pkg.coding.net/repository/tianyin/core/io/opentelemetry/opentelemetry-context/1.19.0/opentelemetry-context-1.19.0.jar
Downloaded from aiban-tianyin-core: https://aiban-maven.pkg.coding.net/repository/tianyin/core/io/opentelemetry/opentelemetry-api/1.19.0/opentelemetry-api-1.19.0.jar (0 B at 0 B/s)
Downloaded from aiban-tianyin-core: https://aiban-maven.pkg.coding.net/repository/tianyin/core/io/opentelemetry/opentelemetry-context/1.19.0/opentelemetry-context-1.19.0.jar (0 B at 0 B/s)
[[1;34mINFO[m] 
[[1;34mINFO[m] [1m--- [0;32mmaven-clean-plugin:3.4.0:clean[m [1m(default-clean)[m @ [36maliyun-oss-spring-boot-starter[0;1m ---[m
[[1;34mINFO[m] Deleting /Users/wandl/workspaces/workspace-ddd4j/workspace-ddd4j-boot-starters/aliyun-oss-spring-boot-starter/target
[[1;34mINFO[m] 
[[1;34mINFO[m] [1m--- [0;32mmaven-enforcer-plugin:3.5.0:enforce[m [1m(default-cli)[m @ [36maliyun-oss-spring-boot-starter[0;1m ---[m
[[1;34mINFO[m] Rule 1: org.apache.maven.enforcer.rules.version.RequireJavaVersion passed
[[1;34mINFO[m] [1m------------------------------------------------------------------------[m
[[1;34mINFO[m] [1;31mBUILD FAILURE[m
[[1;34mINFO[m] [1m------------------------------------------------------------------------[m
[[1;34mINFO[m] Total time:  1.535 s
[[1;34mINFO[m] Finished at: 2026-03-16T13:38:30+08:00
[[1;34mINFO[m] [1m------------------------------------------------------------------------[m
[[1;31mERROR[m] Failed to execute goal [32morg.apache.maven.plugins:maven-enforcer-plugin:3.5.0:enforce[m [1m(default-cli)[m on project [36maliyun-oss-spring-boot-starter[m: [1;31m[m
[[1;31mERROR[m] [1;31mRule 0: org.apache.maven.enforcer.rules.version.RequireMavenVersion failed with message:[m
[[1;31mERROR[m] [1;31mYou are running an older version of Maven. This application requires at least Maven 3.9.9.[m
[[1;31mERROR[m] -> [1m[Help 1][m
[[1;31mERROR[m] 
[[1;31mERROR[m] To see the full stack trace of the errors, re-run Maven with the [1m-e[m switch.
[[1;31mERROR[m] Re-run Maven using the [1m-X[m switch to enable full debug logging.
[[1;31mERROR[m] 
[[1;31mERROR[m] For more information about the errors and possible solutions, please read the following articles:
[[1;31mERROR[m] [1m[Help 1][m http://cwiki.apache.org/confluence/display/MAVEN/MojoExecutionException
[aliyun-oss-spring-boot-starter/3.0.x] 失败 - 查看日志
[[1;34mINFO[m] Scanning for projects...
[[1;34mINFO[m] 
[[1;34mINFO[m] [1m----------< [0;36mio.github.hiwepy:aliyun-oss-spring-boot-starter[0;1m >----------[m
[[1;34mINFO[m] [1mBuilding io.github.hiwepy:aliyun-oss-spring-boot-starter 3.1.x.20251227-SNAPSHOT[m
[[1;34mINFO[m] [1m--------------------------------[ jar ]---------------------------------[m
Downloading from aiban-tianyin-core: https://aiban-maven.pkg.coding.net/repository/tianyin/core/org/springframework/boot/spring-boot-actuator-autoconfigure/3.1.12/spring-boot-actuator-autoconfigure-3.1.12.pom
Progress (1): 2.6 kB
Progress (1): 2.9 kB
                    
Downloaded from aiban-tianyin-core: https://aiban-maven.pkg.coding.net/repository/tianyin/core/org/springframework/boot/spring-boot-actuator-autoconfigure/3.1.12/spring-boot-actuator-autoconfigure-3.1.12.pom (2.9 kB at 4.0 kB/s)
Downloading from aiban-tianyin-core: https://aiban-maven.pkg.coding.net/repository/tianyin/core/org/springframework/boot/spring-boot-actuator/3.1.12/spring-boot-actuator-3.1.12.pom
Progress (1): 2.0 kB
                    
Downloaded from aiban-tianyin-core: https://aiban-maven.pkg.coding.net/repository/tianyin/core/org/springframework/boot/spring-boot-actuator/3.1.12/spring-boot-actuator-3.1.12.pom (2.0 kB at 5.7 kB/s)
Downloading from aiban-tianyin-core: https://aiban-maven.pkg.coding.net/repository/tianyin/core/org/springframework/boot/spring-boot-actuator-autoconfigure/3.1.12/spring-boot-actuator-autoconfigure-3.1.12.jar
Downloading from aiban-tianyin-core: https://aiban-maven.pkg.coding.net/repository/tianyin/core/org/springframework/boot/spring-boot-actuator/3.1.12/spring-boot-actuator-3.1.12.jar
Progress (1): 4.0 kB
Progress (1): 8.1 kB
Progress (1): 12 kB 
Progress (1): 16 kB
Progress (1): 19 kB
Progress (1): 23 kB
Progress (1): 27 kB
Progress (1): 31 kB
Progress (1): 36 kB
Progress (1): 39 kB
Progress (1): 42 kB
Progress (1): 44 kB
Progress (1): 49 kB
Progress (1): 53 kB
Progress (1): 55 kB
Progress (1): 60 kB
Progress (1): 64 kB
Progress (1): 68 kB
Progress (1): 72 kB
Progress (1): 76 kB
Progress (1): 80 kB
Progress (1): 84 kB
Progress (1): 88 kB
Progress (1): 92 kB
Progress (1): 96 kB
Progress (1): 100 kB
Progress (1): 105 kB
Progress (1): 109 kB
Progress (1): 113 kB
Progress (1): 117 kB
Progress (1): 121 kB
Progress (1): 125 kB
Progress (1): 129 kB
Progress (1): 133 kB
Progress (1): 137 kB
Progress (1): 141 kB
Progress (1): 146 kB
Progress (1): 150 kB
Progress (1): 154 kB
Progress (1): 158 kB
Progress (1): 162 kB
Progress (1): 166 kB
Progress (1): 170 kB
Progress (1): 174 kB
Progress (1): 178 kB
Progress (1): 182 kB
Progress (1): 186 kB
Progress (1): 191 kB
Progress (1): 195 kB
Progress (1): 199 kB
Progress (1): 203 kB
Progress (1): 207 kB
Progress (1): 211 kB
Progress (1): 215 kB
Progress (1): 219 kB
Progress (1): 223 kB
Progress (1): 227 kB
Progress (1): 232 kB
Progress (1): 236 kB
Progress (1): 240 kB
Progress (1): 244 kB
Progress (1): 248 kB
Progress (1): 252 kB
Progress (1): 256 kB
Progress (1): 260 kB
Progress (1): 264 kB
Progress (1): 268 kB
Progress (1): 272 kB
Progress (1): 277 kB
Progress (1): 281 kB
Progress (1): 285 kB
Progress (1): 289 kB
Progress (1): 293 kB
Progress (1): 297 kB
Progress (1): 301 kB
Progress (1): 305 kB
Progress (1): 309 kB
Progress (1): 313 kB
Progress (1): 318 kB
Progress (1): 322 kB
Progress (1): 326 kB
Progress (1): 330 kB
Progress (1): 334 kB
Progress (1): 338 kB
Progress (1): 342 kB
Progress (1): 346 kB
Progress (1): 350 kB
Progress (1): 354 kB
Progress (1): 358 kB
Progress (1): 363 kB
Progress (1): 367 kB
Progress (1): 371 kB
Progress (1): 375 kB
Progress (1): 379 kB
Progress (1): 383 kB
Progress (1): 387 kB
Progress (1): 391 kB
Progress (1): 395 kB
Progress (1): 399 kB
Progress (1): 404 kB
Progress (1): 408 kB
Progress (1): 412 kB
Progress (1): 416 kB
Progress (1): 420 kB
Progress (1): 424 kB
Progress (1): 428 kB
Progress (1): 432 kB
Progress (1): 436 kB
Progress (1): 440 kB
Progress (1): 444 kB
Progress (1): 449 kB
Progress (1): 453 kB
Progress (1): 457 kB
Progress (1): 461 kB
Progress (1): 465 kB
Progress (1): 469 kB
Progress (1): 473 kB
Progress (1): 477 kB
Progress (1): 481 kB
Progress (1): 485 kB
Progress (1): 490 kB
Progress (1): 494 kB
Progress (1): 498 kB
Progress (1): 502 kB
Progress (1): 506 kB
Progress (1): 510 kB
Progress (1): 514 kB
Progress (1): 518 kB
Progress (1): 522 kB
Progress (1): 526 kB
Progress (1): 531 kB
Progress (1): 535 kB
Progress (1): 539 kB
Progress (1): 543 kB
Progress (1): 547 kB
Progress (1): 551 kB
Progress (1): 555 kB
Progress (1): 559 kB
Progress (1): 563 kB
Progress (1): 567 kB
Progress (1): 571 kB
Progress (1): 576 kB
Progress (1): 580 kB
Progress (1): 584 kB
Progress (1): 588 kB
Progress (1): 592 kB
Progress (1): 596 kB
Progress (1): 600 kB
Progress (1): 604 kB
Progress (1): 608 kB
Progress (1): 612 kB
Progress (1): 617 kB
Progress (1): 621 kB
Progress (1): 625 kB
Progress (1): 629 kB
Progress (1): 633 kB
Progress (1): 637 kB
Progress (1): 641 kB
Progress (1): 645 kB
Progress (1): 649 kB
Progress (1): 653 kB
Progress (1): 657 kB
Progress (1): 662 kB
Progress (1): 666 kB
Progress (1): 670 kB
Progress (1): 674 kB
Progress (1): 678 kB
Progress (1): 682 kB
Progress (1): 686 kB
Progress (1): 690 kB
Progress (1): 694 kB
Progress (1): 698 kB
Progress (1): 703 kB
Progress (1): 707 kB
Progress (1): 711 kB
Progress (1): 715 kB
Progress (1): 719 kB
Progress (1): 723 kB
Progress (1): 724 kB
                    
Downloaded from aiban-tianyin-core: https://aiban-maven.pkg.coding.net/repository/tianyin/core/org/springframework/boot/spring-boot-actuator-autoconfigure/3.1.12/spring-boot-actuator-autoconfigure-3.1.12.jar (724 kB at 1.3 MB/s)
Progress (1): 4.1 kB
Progress (1): 8.2 kB
Progress (1): 11 kB 
Progress (1): 14 kB
Progress (1): 16 kB
Progress (1): 19 kB
Progress (1): 22 kB
Progress (1): 26 kB
Progress (1): 30 kB
Progress (1): 34 kB
Progress (1): 39 kB
Progress (1): 42 kB
Progress (1): 44 kB
Progress (1): 47 kB
Progress (1): 51 kB
Progress (1): 55 kB
Progress (1): 60 kB
Progress (1): 64 kB
Progress (1): 68 kB
Progress (1): 72 kB
Progress (1): 76 kB
Progress (1): 80 kB
Progress (1): 84 kB
Progress (1): 87 kB
Progress (1): 91 kB
Progress (1): 95 kB
Progress (1): 99 kB
Progress (1): 103 kB
Progress (1): 107 kB
Progress (1): 111 kB
Progress (1): 115 kB
Progress (1): 117 kB
Progress (1): 121 kB
Progress (1): 125 kB
Progress (1): 129 kB
Progress (1): 134 kB
Progress (1): 138 kB
Progress (1): 142 kB
Progress (1): 146 kB
Progress (1): 150 kB
Progress (1): 154 kB
Progress (1): 158 kB
Progress (1): 162 kB
Progress (1): 166 kB
Progress (1): 170 kB
Progress (1): 174 kB
Progress (1): 179 kB
Progress (1): 183 kB
Progress (1): 187 kB
Progress (1): 191 kB
Progress (1): 195 kB
Progress (1): 199 kB
Progress (1): 203 kB
Progress (1): 207 kB
Progress (1): 211 kB
Progress (1): 215 kB
Progress (1): 220 kB
Progress (1): 224 kB
Progress (1): 228 kB
Progress (1): 232 kB
Progress (1): 236 kB
Progress (1): 240 kB
Progress (1): 244 kB
Progress (1): 248 kB
Progress (1): 252 kB
Progress (1): 256 kB
Progress (1): 260 kB
Progress (1): 265 kB
Progress (1): 269 kB
Progress (1): 273 kB
Progress (1): 277 kB
Progress (1): 281 kB
Progress (1): 285 kB
Progress (1): 289 kB
Progress (1): 293 kB
Progress (1): 297 kB
Progress (1): 301 kB
Progress (1): 306 kB
Progress (1): 310 kB
Progress (1): 314 kB
Progress (1): 318 kB
Progress (1): 322 kB
Progress (1): 326 kB
Progress (1): 330 kB
Progress (1): 334 kB
Progress (1): 338 kB
Progress (1): 342 kB
Progress (1): 346 kB
Progress (1): 351 kB
Progress (1): 355 kB
Progress (1): 359 kB
Progress (1): 363 kB
Progress (1): 367 kB
Progress (1): 371 kB
Progress (1): 375 kB
Progress (1): 379 kB
Progress (1): 383 kB
Progress (1): 387 kB
Progress (1): 392 kB
Progress (1): 396 kB
Progress (1): 400 kB
Progress (1): 404 kB
Progress (1): 408 kB
Progress (1): 412 kB
Progress (1): 416 kB
Progress (1): 420 kB
Progress (1): 424 kB
Progress (1): 428 kB
Progress (1): 433 kB
Progress (1): 437 kB
Progress (1): 441 kB
Progress (1): 445 kB
Progress (1): 449 kB
Progress (1): 453 kB
Progress (1): 457 kB
Progress (1): 461 kB
Progress (1): 465 kB
Progress (1): 469 kB
Progress (1): 473 kB
Progress (1): 478 kB
Progress (1): 482 kB
Progress (1): 486 kB
Progress (1): 490 kB
Progress (1): 494 kB
Progress (1): 498 kB
Progress (1): 502 kB
Progress (1): 506 kB
Progress (1): 510 kB
Progress (1): 514 kB
Progress (1): 519 kB
Progress (1): 523 kB
Progress (1): 527 kB
Progress (1): 531 kB
Progress (1): 535 kB
Progress (1): 539 kB
Progress (1): 543 kB
Progress (1): 547 kB
Progress (1): 551 kB
Progress (1): 555 kB
Progress (1): 559 kB
Progress (1): 564 kB
Progress (1): 568 kB
Progress (1): 572 kB
Progress (1): 576 kB
Progress (1): 580 kB
Progress (1): 584 kB
Progress (1): 588 kB
Progress (1): 592 kB
Progress (1): 596 kB
Progress (1): 600 kB
Progress (1): 605 kB
Progress (1): 609 kB
Progress (1): 613 kB
Progress (1): 617 kB
Progress (1): 621 kB
Progress (1): 625 kB
Progress (1): 629 kB
Progress (1): 633 kB
Progress (1): 637 kB
Progress (1): 641 kB
Progress (1): 646 kB
Progress (1): 650 kB
Progress (1): 654 kB
Progress (1): 658 kB
Progress (1): 662 kB
Progress (1): 666 kB
Progress (1): 670 kB
                    
Downloaded from aiban-tianyin-core: https://aiban-maven.pkg.coding.net/repository/tianyin/core/org/springframework/boot/spring-boot-actuator/3.1.12/spring-boot-actuator-3.1.12.jar (670 kB at 700 kB/s)
[[1;34mINFO[m] 
[[1;34mINFO[m] [1m--- [0;32mmaven-clean-plugin:3.4.0:clean[m [1m(default-clean)[m @ [36maliyun-oss-spring-boot-starter[0;1m ---[m
[[1;34mINFO[m] 
[[1;34mINFO[m] [1m--- [0;32mmaven-enforcer-plugin:3.5.0:enforce[m [1m(default-cli)[m @ [36maliyun-oss-spring-boot-starter[0;1m ---[m
[[1;34mINFO[m] Rule 1: org.apache.maven.enforcer.rules.version.RequireJavaVersion passed
[[1;34mINFO[m] [1m------------------------------------------------------------------------[m
[[1;34mINFO[m] [1;31mBUILD FAILURE[m
[[1;34mINFO[m] [1m------------------------------------------------------------------------[m
[[1;34mINFO[m] Total time:  2.486 s
[[1;34mINFO[m] Finished at: 2026-03-16T13:38:33+08:00
[[1;34mINFO[m] [1m------------------------------------------------------------------------[m
[[1;31mERROR[m] Failed to execute goal [32morg.apache.maven.plugins:maven-enforcer-plugin:3.5.0:enforce[m [1m(default-cli)[m on project [36maliyun-oss-spring-boot-starter[m: [1;31m[m
[[1;31mERROR[m] [1;31mRule 0: org.apache.maven.enforcer.rules.version.RequireMavenVersion failed with message:[m
[[1;31mERROR[m] [1;31mYou are running an older version of Maven. This application requires at least Maven 3.9.9.[m
[[1;31mERROR[m] -> [1m[Help 1][m
[[1;31mERROR[m] 
[[1;31mERROR[m] To see the full stack trace of the errors, re-run Maven with the [1m-e[m switch.
[[1;31mERROR[m] Re-run Maven using the [1m-X[m switch to enable full debug logging.
[[1;31mERROR[m] 
[[1;31mERROR[m] For more information about the errors and possible solutions, please read the following articles:
[[1;31mERROR[m] [1m[Help 1][m http://cwiki.apache.org/confluence/display/MAVEN/MojoExecutionException
[aliyun-oss-spring-boot-starter/3.1.x] 失败 - 查看日志
[[1;34mINFO[m] Scanning for projects...
[[1;34mINFO[m] 
[[1;34mINFO[m] [1m----------< [0;36mio.github.hiwepy:aliyun-oss-spring-boot-starter[0;1m >----------[m
[[1;34mINFO[m] [1mBuilding io.github.hiwepy:aliyun-oss-spring-boot-starter 3.2.x.20251227-SNAPSHOT[m
[[1;34mINFO[m] [1m--------------------------------[ jar ]---------------------------------[m
Downloading from aiban-tianyin-core: https://aiban-maven.pkg.coding.net/repository/tianyin/core/io/opentelemetry/opentelemetry-api/1.31.0/opentelemetry-api-1.31.0.pom
Downloaded from aiban-tianyin-core: https://aiban-maven.pkg.coding.net/repository/tianyin/core/io/opentelemetry/opentelemetry-api/1.31.0/opentelemetry-api-1.31.0.pom (0 B at 0 B/s)
Downloading from aiban-tianyin-core: https://aiban-maven.pkg.coding.net/repository/tianyin/core/io/opentelemetry/opentelemetry-context/1.31.0/opentelemetry-context-1.31.0.pom
Downloaded from aiban-tianyin-core: https://aiban-maven.pkg.coding.net/repository/tianyin/core/io/opentelemetry/opentelemetry-context/1.31.0/opentelemetry-context-1.31.0.pom (0 B at 0 B/s)
Downloading from aiban-tianyin-core: https://aiban-maven.pkg.coding.net/repository/tianyin/core/io/opentelemetry/opentelemetry-api/1.31.0/opentelemetry-api-1.31.0.jar
Downloading from aiban-tianyin-core: https://aiban-maven.pkg.coding.net/repository/tianyin/core/io/opentelemetry/opentelemetry-context/1.31.0/opentelemetry-context-1.31.0.jar
Downloaded from aiban-tianyin-core: https://aiban-maven.pkg.coding.net/repository/tianyin/core/io/opentelemetry/opentelemetry-api/1.31.0/opentelemetry-api-1.31.0.jar (0 B at 0 B/s)
Downloaded from aiban-tianyin-core: https://aiban-maven.pkg.coding.net/repository/tianyin/core/io/opentelemetry/opentelemetry-context/1.31.0/opentelemetry-context-1.31.0.jar (0 B at 0 B/s)
[[1;34mINFO[m] 
[[1;34mINFO[m] [1m--- [0;32mmaven-clean-plugin:3.4.0:clean[m [1m(default-clean)[m @ [36maliyun-oss-spring-boot-starter[0;1m ---[m
[[1;34mINFO[m] 
[[1;34mINFO[m] [1m--- [0;32mmaven-enforcer-plugin:3.5.0:enforce[m [1m(default-cli)[m @ [36maliyun-oss-spring-boot-starter[0;1m ---[m
[[1;34mINFO[m] Rule 1: org.apache.maven.enforcer.rules.version.RequireJavaVersion passed
[[1;34mINFO[m] [1m------------------------------------------------------------------------[m
[[1;34mINFO[m] [1;31mBUILD FAILURE[m
[[1;34mINFO[m] [1m------------------------------------------------------------------------[m
[[1;34mINFO[m] Total time:  1.704 s
[[1;34mINFO[m] Finished at: 2026-03-16T13:38:35+08:00
[[1;34mINFO[m] [1m------------------------------------------------------------------------[m
[[1;31mERROR[m] Failed to execute goal [32morg.apache.maven.plugins:maven-enforcer-plugin:3.5.0:enforce[m [1m(default-cli)[m on project [36maliyun-oss-spring-boot-starter[m: [1;31m[m
[[1;31mERROR[m] [1;31mRule 0: org.apache.maven.enforcer.rules.version.RequireMavenVersion failed with message:[m
[[1;31mERROR[m] [1;31mYou are running an older version of Maven. This application requires at least Maven 3.9.9.[m
[[1;31mERROR[m] -> [1m[Help 1][m
[[1;31mERROR[m] 
[[1;31mERROR[m] To see the full stack trace of the errors, re-run Maven with the [1m-e[m switch.
[[1;31mERROR[m] Re-run Maven using the [1m-X[m switch to enable full debug logging.
[[1;31mERROR[m] 
[[1;31mERROR[m] For more information about the errors and possible solutions, please read the following articles:
[[1;31mERROR[m] [1m[Help 1][m http://cwiki.apache.org/confluence/display/MAVEN/MojoExecutionException
[aliyun-oss-spring-boot-starter/3.2.x] 失败 - 查看日志
[[1;34mINFO[m] Scanning for projects...
[[1;34mINFO[m] 
[[1;34mINFO[m] [1m----------< [0;36mio.github.hiwepy:aliyun-oss-spring-boot-starter[0;1m >----------[m
[[1;34mINFO[m] [1mBuilding io.github.hiwepy:aliyun-oss-spring-boot-starter 3.3.x.20251227-SNAPSHOT[m
[[1;34mINFO[m] [1m--------------------------------[ jar ]---------------------------------[m
Downloading from aiban-tianyin-core: https://aiban-maven.pkg.coding.net/repository/tianyin/core/io/opentelemetry/opentelemetry-api/1.38.0/opentelemetry-api-1.38.0.pom
Downloaded from aiban-tianyin-core: https://aiban-maven.pkg.coding.net/repository/tianyin/core/io/opentelemetry/opentelemetry-api/1.38.0/opentelemetry-api-1.38.0.pom (0 B at 0 B/s)
Downloading from aiban-tianyin-core: https://aiban-maven.pkg.coding.net/repository/tianyin/core/io/opentelemetry/opentelemetry-api/1.38.0/opentelemetry-api-1.38.0.jar
Downloaded from aiban-tianyin-core: https://aiban-maven.pkg.coding.net/repository/tianyin/core/io/opentelemetry/opentelemetry-api/1.38.0/opentelemetry-api-1.38.0.jar (0 B at 0 B/s)
[[1;34mINFO[m] 
[[1;34mINFO[m] [1m--- [0;32mmaven-clean-plugin:3.4.0:clean[m [1m(default-clean)[m @ [36maliyun-oss-spring-boot-starter[0;1m ---[m
[[1;34mINFO[m] 
[[1;34mINFO[m] [1m--- [0;32mmaven-enforcer-plugin:3.5.0:enforce[m [1m(default-cli)[m @ [36maliyun-oss-spring-boot-starter[0;1m ---[m
[[1;34mINFO[m] Rule 1: org.apache.maven.enforcer.rules.version.RequireJavaVersion passed
[[1;34mINFO[m] [1m------------------------------------------------------------------------[m
[[1;34mINFO[m] [1;31mBUILD FAILURE[m
[[1;34mINFO[m] [1m------------------------------------------------------------------------[m
[[1;34mINFO[m] Total time:  1.048 s
[[1;34mINFO[m] Finished at: 2026-03-16T13:38:37+08:00
[[1;34mINFO[m] [1m------------------------------------------------------------------------[m
[[1;31mERROR[m] Failed to execute goal [32morg.apache.maven.plugins:maven-enforcer-plugin:3.5.0:enforce[m [1m(default-cli)[m on project [36maliyun-oss-spring-boot-starter[m: [1;31m[m
[[1;31mERROR[m] [1;31mRule 0: org.apache.maven.enforcer.rules.version.RequireMavenVersion failed with message:[m
[[1;31mERROR[m] [1;31mYou are running an older version of Maven. This application requires at least Maven 3.9.9.[m
[[1;31mERROR[m] -> [1m[Help 1][m
[[1;31mERROR[m] 
[[1;31mERROR[m] To see the full stack trace of the errors, re-run Maven with the [1m-e[m switch.
[[1;31mERROR[m] Re-run Maven using the [1m-X[m switch to enable full debug logging.
[[1;31mERROR[m] 
[[1;31mERROR[m] For more information about the errors and possible solutions, please read the following articles:
[[1;31mERROR[m] [1m[Help 1][m http://cwiki.apache.org/confluence/display/MAVEN/MojoExecutionException
[aliyun-oss-spring-boot-starter/3.3.x] 失败 - 查看日志
[[1;34mINFO[m] Scanning for projects...
[[1;34mINFO[m] 
[[1;34mINFO[m] [1m----------< [0;36mio.github.hiwepy:aliyun-oss-spring-boot-starter[0;1m >----------[m
[[1;34mINFO[m] [1mBuilding io.github.hiwepy:aliyun-oss-spring-boot-starter 3.4.x.20251227-SNAPSHOT[m
[[1;34mINFO[m] [1m--------------------------------[ jar ]---------------------------------[m
[[1;34mINFO[m] 
[[1;34mINFO[m] [1m--- [0;32mmaven-clean-plugin:3.4.0:clean[m [1m(default-clean)[m @ [36maliyun-oss-spring-boot-starter[0;1m ---[m
[[1;34mINFO[m] 
[[1;34mINFO[m] [1m--- [0;32mmaven-enforcer-plugin:3.5.0:enforce[m [1m(default-cli)[m @ [36maliyun-oss-spring-boot-starter[0;1m ---[m
[[1;34mINFO[m] Rule 1: org.apache.maven.enforcer.rules.version.RequireJavaVersion passed
[[1;34mINFO[m] [1m------------------------------------------------------------------------[m
[[1;34mINFO[m] [1;31mBUILD FAILURE[m
[[1;34mINFO[m] [1m------------------------------------------------------------------------[m
[[1;34mINFO[m] Total time:  0.373 s
[[1;34mINFO[m] Finished at: 2026-03-16T13:38:38+08:00
[[1;34mINFO[m] [1m------------------------------------------------------------------------[m
[[1;31mERROR[m] Failed to execute goal [32morg.apache.maven.plugins:maven-enforcer-plugin:3.5.0:enforce[m [1m(default-cli)[m on project [36maliyun-oss-spring-boot-starter[m: [1;31m[m
[[1;31mERROR[m] [1;31mRule 0: org.apache.maven.enforcer.rules.version.RequireMavenVersion failed with message:[m
[[1;31mERROR[m] [1;31mYou are running an older version of Maven. This application requires at least Maven 3.9.9.[m
[[1;31mERROR[m] -> [1m[Help 1][m
[[1;31mERROR[m] 
[[1;31mERROR[m] To see the full stack trace of the errors, re-run Maven with the [1m-e[m switch.
[[1;31mERROR[m] Re-run Maven using the [1m-X[m switch to enable full debug logging.
[[1;31mERROR[m] 
[[1;31mERROR[m] For more information about the errors and possible solutions, please read the following articles:
[[1;31mERROR[m] [1m[Help 1][m http://cwiki.apache.org/confluence/display/MAVEN/MojoExecutionException
[aliyun-oss-spring-boot-starter/3.4.x] 失败 - 查看日志
[[1;34mINFO[m] Scanning for projects...
[[1;34mINFO[m] 
[[1;34mINFO[m] [1m----------< [0;36mio.github.hiwepy:aliyun-oss-spring-boot-starter[0;1m >----------[m
[[1;34mINFO[m] [1mBuilding io.github.hiwepy:aliyun-oss-spring-boot-starter 3.5.x.20251227-SNAPSHOT[m
[[1;34mINFO[m] [1m--------------------------------[ jar ]---------------------------------[m
Downloading from aiban-tianyin-core: https://aiban-maven.pkg.coding.net/repository/tianyin/core/com/fasterxml/jackson/datatype/jackson-datatype-jsr310/2.19.4/jackson-datatype-jsr310-2.19.4.pom
Downloaded from aiban-tianyin-core: https://aiban-maven.pkg.coding.net/repository/tianyin/core/com/fasterxml/jackson/datatype/jackson-datatype-jsr310/2.19.4/jackson-datatype-jsr310-2.19.4.pom (0 B at 0 B/s)
Downloading from aiban-tianyin-core: https://aiban-maven.pkg.coding.net/repository/tianyin/core/com/fasterxml/jackson/module/jackson-modules-java8/2.19.4/jackson-modules-java8-2.19.4.pom
Downloaded from aiban-tianyin-core: https://aiban-maven.pkg.coding.net/repository/tianyin/core/com/fasterxml/jackson/module/jackson-modules-java8/2.19.4/jackson-modules-java8-2.19.4.pom (0 B at 0 B/s)
Downloading from aiban-tianyin-core: https://aiban-maven.pkg.coding.net/repository/tianyin/core/io/opentelemetry/opentelemetry-api/1.49.0/opentelemetry-api-1.49.0.pom
Downloaded from aiban-tianyin-core: https://aiban-maven.pkg.coding.net/repository/tianyin/core/io/opentelemetry/opentelemetry-api/1.49.0/opentelemetry-api-1.49.0.pom (0 B at 0 B/s)
Downloading from aiban-tianyin-core: https://aiban-maven.pkg.coding.net/repository/tianyin/core/io/opentelemetry/opentelemetry-context/1.49.0/opentelemetry-context-1.49.0.pom
Downloaded from aiban-tianyin-core: https://aiban-maven.pkg.coding.net/repository/tianyin/core/io/opentelemetry/opentelemetry-context/1.49.0/opentelemetry-context-1.49.0.pom (0 B at 0 B/s)
Downloading from aiban-tianyin-core: https://aiban-maven.pkg.coding.net/repository/tianyin/core/com/fasterxml/jackson/datatype/jackson-datatype-jsr310/2.19.4/jackson-datatype-jsr310-2.19.4.jar
Downloading from aiban-tianyin-core: https://aiban-maven.pkg.coding.net/repository/tianyin/core/io/opentelemetry/opentelemetry-context/1.49.0/opentelemetry-context-1.49.0.jar
Downloading from aiban-tianyin-core: https://aiban-maven.pkg.coding.net/repository/tianyin/core/io/opentelemetry/opentelemetry-api/1.49.0/opentelemetry-api-1.49.0.jar
Downloaded from aiban-tianyin-core: https://aiban-maven.pkg.coding.net/repository/tianyin/core/com/fasterxml/jackson/datatype/jackson-datatype-jsr310/2.19.4/jackson-datatype-jsr310-2.19.4.jar (0 B at 0 B/s)
Downloaded from aiban-tianyin-core: https://aiban-maven.pkg.coding.net/repository/tianyin/core/io/opentelemetry/opentelemetry-context/1.49.0/opentelemetry-context-1.49.0.jar (0 B at 0 B/s)
Downloaded from aiban-tianyin-core: https://aiban-maven.pkg.coding.net/repository/tianyin/core/io/opentelemetry/opentelemetry-api/1.49.0/opentelemetry-api-1.49.0.jar (0 B at 0 B/s)
[[1;34mINFO[m] 
[[1;34mINFO[m] [1m--- [0;32mmaven-clean-plugin:3.4.0:clean[m [1m(default-clean)[m @ [36maliyun-oss-spring-boot-starter[0;1m ---[m
[[1;34mINFO[m] 
[[1;34mINFO[m] [1m--- [0;32mmaven-enforcer-plugin:3.5.0:enforce[m [1m(default-cli)[m @ [36maliyun-oss-spring-boot-starter[0;1m ---[m
[[1;34mINFO[m] Rule 1: org.apache.maven.enforcer.rules.version.RequireJavaVersion passed
[[1;34mINFO[m] [1m------------------------------------------------------------------------[m
[[1;34mINFO[m] [1;31mBUILD FAILURE[m
[[1;34mINFO[m] [1m------------------------------------------------------------------------[m
[[1;34mINFO[m] Total time:  1.679 s
[[1;34mINFO[m] Finished at: 2026-03-16T13:38:40+08:00
[[1;34mINFO[m] [1m------------------------------------------------------------------------[m
[[1;31mERROR[m] Failed to execute goal [32morg.apache.maven.plugins:maven-enforcer-plugin:3.5.0:enforce[m [1m(default-cli)[m on project [36maliyun-oss-spring-boot-starter[m: [1;31m[m
[[1;31mERROR[m] [1;31mRule 0: org.apache.maven.enforcer.rules.version.RequireMavenVersion failed with message:[m
[[1;31mERROR[m] [1;31mYou are running an older version of Maven. This application requires at least Maven 3.9.9.[m
[[1;31mERROR[m] -> [1m[Help 1][m
[[1;31mERROR[m] 
[[1;31mERROR[m] To see the full stack trace of the errors, re-run Maven with the [1m-e[m switch.
[[1;31mERROR[m] Re-run Maven using the [1m-X[m switch to enable full debug logging.
[[1;31mERROR[m] 
[[1;31mERROR[m] For more information about the errors and possible solutions, please read the following articles:
[[1;31mERROR[m] [1m[Help 1][m http://cwiki.apache.org/confluence/display/MAVEN/MojoExecutionException
[aliyun-oss-spring-boot-starter/3.5.x] 失败 - 查看日志
[[1;34mINFO[m] Scanning for projects...
[[1;34mINFO[m] 
[[1;34mINFO[m] [1m----------< [0;36mio.github.hiwepy:aliyun-oss-spring-boot-starter[0;1m >----------[m
[[1;34mINFO[m] [1mBuilding io.github.hiwepy:aliyun-oss-spring-boot-starter 4.0.x.20251227-SNAPSHOT[m
[[1;34mINFO[m] [1m--------------------------------[ jar ]---------------------------------[m
Downloading from aiban-tianyin-core: https://aiban-maven.pkg.coding.net/repository/tianyin/core/org/springframework/boot/spring-boot-actuator-autoconfigure/4.0.1/spring-boot-actuator-autoconfigure-4.0.1.pom
Progress (1): 2.3 kB
                    
Downloaded from aiban-tianyin-core: https://aiban-maven.pkg.coding.net/repository/tianyin/core/org/springframework/boot/spring-boot-actuator-autoconfigure/4.0.1/spring-boot-actuator-autoconfigure-4.0.1.pom (2.3 kB at 3.3 kB/s)
Downloading from aiban-tianyin-core: https://aiban-maven.pkg.coding.net/repository/tianyin/core/org/springframework/boot/spring-boot-actuator/4.0.1/spring-boot-actuator-4.0.1.pom
Progress (1): 2.0 kB
                    
Downloaded from aiban-tianyin-core: https://aiban-maven.pkg.coding.net/repository/tianyin/core/org/springframework/boot/spring-boot-actuator/4.0.1/spring-boot-actuator-4.0.1.pom (2.0 kB at 5.4 kB/s)
Downloading from aiban-tianyin-core: https://aiban-maven.pkg.coding.net/repository/tianyin/core/io/opentelemetry/opentelemetry-api/1.55.0/opentelemetry-api-1.55.0.pom
Downloaded from aiban-tianyin-core: https://aiban-maven.pkg.coding.net/repository/tianyin/core/io/opentelemetry/opentelemetry-api/1.55.0/opentelemetry-api-1.55.0.pom (0 B at 0 B/s)
Downloading from aiban-tianyin-core: https://aiban-maven.pkg.coding.net/repository/tianyin/core/io/opentelemetry/opentelemetry-context/1.55.0/opentelemetry-context-1.55.0.pom
Downloaded from aiban-tianyin-core: https://aiban-maven.pkg.coding.net/repository/tianyin/core/io/opentelemetry/opentelemetry-context/1.55.0/opentelemetry-context-1.55.0.pom (0 B at 0 B/s)
Downloading from aiban-tianyin-core: https://aiban-maven.pkg.coding.net/repository/tianyin/core/io/opentelemetry/opentelemetry-common/1.55.0/opentelemetry-common-1.55.0.pom
Downloaded from aiban-tianyin-core: https://aiban-maven.pkg.coding.net/repository/tianyin/core/io/opentelemetry/opentelemetry-common/1.55.0/opentelemetry-common-1.55.0.pom (0 B at 0 B/s)
Downloading from aiban-tianyin-core: https://aiban-maven.pkg.coding.net/repository/tianyin/core/org/springframework/boot/spring-boot-actuator-autoconfigure/4.0.1/spring-boot-actuator-autoconfigure-4.0.1.jar
Downloading from aiban-tianyin-core: https://aiban-maven.pkg.coding.net/repository/tianyin/core/io/opentelemetry/opentelemetry-common/1.55.0/opentelemetry-common-1.55.0.jar
Downloading from aiban-tianyin-core: https://aiban-maven.pkg.coding.net/repository/tianyin/core/io/opentelemetry/opentelemetry-context/1.55.0/opentelemetry-context-1.55.0.jar
Downloading from aiban-tianyin-core: https://aiban-maven.pkg.coding.net/repository/tianyin/core/io/opentelemetry/opentelemetry-api/1.55.0/opentelemetry-api-1.55.0.jar
Downloading from aiban-tianyin-core: https://aiban-maven.pkg.coding.net/repository/tianyin/core/org/springframework/boot/spring-boot-actuator/4.0.1/spring-boot-actuator-4.0.1.jar
Downloaded from aiban-tianyin-core: https://aiban-maven.pkg.coding.net/repository/tianyin/core/io/opentelemetry/opentelemetry-context/1.55.0/opentelemetry-context-1.55.0.jar (0 B at 0 B/s)
Downloaded from aiban-tianyin-core: https://aiban-maven.pkg.coding.net/repository/tianyin/core/io/opentelemetry/opentelemetry-common/1.55.0/opentelemetry-common-1.55.0.jar (0 B at 0 B/s)
Progress (1): 4.0 kB
Progress (1): 8.1 kB
Progress (1): 12 kB 
Progress (1): 15 kB
Progress (1): 19 kB
Progress (1): 22 kB
Progress (1): 26 kB
Progress (1): 29 kB
Progress (1): 33 kB
Progress (1): 36 kB
Progress (1): 39 kB
Progress (1): 43 kB
Progress (1): 47 kB
Progress (1): 50 kB
Progress (1): 53 kB
Progress (1): 57 kB
Progress (1): 61 kB
Progress (1): 65 kB
Progress (1): 69 kB
                   
Downloaded from aiban-tianyin-core: https://aiban-maven.pkg.coding.net/repository/tianyin/core/io/opentelemetry/opentelemetry-api/1.55.0/opentelemetry-api-1.55.0.jar (0 B at 0 B/s)
Progress (1): 73 kB
Progress (1): 77 kB
Progress (1): 81 kB
Progress (1): 85 kB
Progress (1): 89 kB
Progress (1): 94 kB
Progress (1): 98 kB
Progress (1): 102 kB
Progress (1): 106 kB
Progress (1): 110 kB
Progress (1): 114 kB
Progress (1): 118 kB
Progress (1): 122 kB
Progress (1): 126 kB
Progress (1): 130 kB
Progress (1): 135 kB
Progress (1): 139 kB
Progress (1): 141 kB
Progress (2): 141 kB | 4.1 kB
Progress (2): 141 kB | 6.9 kB
Progress (2): 141 kB | 9.7 kB
Progress (2): 141 kB | 12 kB 
Progress (2): 141 kB | 15 kB
Progress (2): 141 kB | 18 kB
Progress (2): 141 kB | 21 kB
Progress (2): 141 kB | 24 kB
Progress (2): 141 kB | 28 kB
Progress (2): 141 kB | 32 kB
Progress (2): 141 kB | 36 kB
Progress (2): 141 kB | 40 kB
Progress (2): 141 kB | 42 kB
Progress (2): 141 kB | 45 kB
Progress (2): 141 kB | 47 kB
Progress (2): 141 kB | 50 kB
Progress (2): 141 kB | 53 kB
Progress (2): 141 kB | 57 kB
Progress (2): 141 kB | 61 kB
Progress (2): 141 kB | 65 kB
Progress (2): 141 kB | 69 kB
Progress (2): 141 kB | 73 kB
Progress (2): 141 kB | 77 kB
Progress (2): 141 kB | 81 kB
Progress (2): 141 kB | 86 kB
Progress (2): 141 kB | 90 kB
Progress (2): 141 kB | 94 kB
Progress (2): 141 kB | 98 kB
Progress (2): 141 kB | 102 kB
Progress (2): 141 kB | 106 kB
Progress (2): 141 kB | 110 kB
Progress (2): 141 kB | 114 kB
Progress (2): 141 kB | 118 kB
Progress (2): 141 kB | 122 kB
Progress (2): 141 kB | 127 kB
Progress (2): 141 kB | 131 kB
Progress (2): 141 kB | 135 kB
Progress (2): 141 kB | 139 kB
Progress (2): 141 kB | 143 kB
Progress (2): 141 kB | 147 kB
Progress (2): 141 kB | 151 kB
Progress (2): 141 kB | 155 kB
Progress (2): 141 kB | 159 kB
Progress (2): 141 kB | 163 kB
Progress (2): 141 kB | 167 kB
Progress (2): 141 kB | 172 kB
Progress (2): 141 kB | 176 kB
Progress (2): 141 kB | 180 kB
Progress (2): 141 kB | 184 kB
Progress (2): 141 kB | 188 kB
Progress (2): 141 kB | 192 kB
Progress (2): 141 kB | 196 kB
Progress (2): 141 kB | 200 kB
Progress (2): 141 kB | 204 kB
Progress (2): 141 kB | 208 kB
Progress (2): 141 kB | 213 kB
Progress (2): 141 kB | 217 kB
Progress (2): 141 kB | 221 kB
Progress (2): 141 kB | 225 kB
Progress (2): 141 kB | 229 kB
Progress (2): 141 kB | 233 kB
Progress (2): 141 kB | 237 kB
Progress (2): 141 kB | 241 kB
Progress (2): 141 kB | 245 kB
Progress (2): 141 kB | 249 kB
Progress (2): 141 kB | 253 kB
Progress (2): 141 kB | 258 kB
Progress (2): 141 kB | 262 kB
Progress (2): 141 kB | 266 kB
Progress (2): 141 kB | 270 kB
Progress (2): 141 kB | 274 kB
Progress (2): 141 kB | 278 kB
Progress (2): 141 kB | 282 kB
Progress (2): 141 kB | 286 kB
Progress (2): 141 kB | 290 kB
Progress (2): 141 kB | 294 kB
Progress (2): 141 kB | 299 kB
Progress (2): 141 kB | 303 kB
Progress (2): 141 kB | 307 kB
Progress (2): 141 kB | 311 kB
Progress (2): 141 kB | 315 kB
Progress (2): 141 kB | 319 kB
Progress (2): 141 kB | 323 kB
Progress (2): 141 kB | 327 kB
Progress (2): 141 kB | 331 kB
Progress (2): 141 kB | 335 kB
Progress (2): 141 kB | 339 kB
Progress (2): 141 kB | 344 kB
Progress (2): 141 kB | 348 kB
Progress (2): 141 kB | 352 kB
Progress (2): 141 kB | 356 kB
Progress (2): 141 kB | 357 kB
                             
Downloaded from aiban-tianyin-core: https://aiban-maven.pkg.coding.net/repository/tianyin/core/org/springframework/boot/spring-boot-actuator-autoconfigure/4.0.1/spring-boot-actuator-autoconfigure-4.0.1.jar (141 kB at 215 kB/s)
Downloaded from aiban-tianyin-core: https://aiban-maven.pkg.coding.net/repository/tianyin/core/org/springframework/boot/spring-boot-actuator/4.0.1/spring-boot-actuator-4.0.1.jar (357 kB at 433 kB/s)
[[1;34mINFO[m] 
[[1;34mINFO[m] [1m--- [0;32mmaven-clean-plugin:3.4.0:clean[m [1m(default-clean)[m @ [36maliyun-oss-spring-boot-starter[0;1m ---[m
[[1;34mINFO[m] 
[[1;34mINFO[m] [1m--- [0;32mmaven-enforcer-plugin:3.5.0:enforce[m [1m(default-cli)[m @ [36maliyun-oss-spring-boot-starter[0;1m ---[m
[[1;34mINFO[m] Rule 1: org.apache.maven.enforcer.rules.version.RequireJavaVersion passed
[[1;34mINFO[m] [1m------------------------------------------------------------------------[m
[[1;34mINFO[m] [1;31mBUILD FAILURE[m
[[1;34mINFO[m] [1m------------------------------------------------------------------------[m
[[1;34mINFO[m] Total time:  2.742 s
[[1;34mINFO[m] Finished at: 2026-03-16T13:38:43+08:00
[[1;34mINFO[m] [1m------------------------------------------------------------------------[m
[[1;31mERROR[m] Failed to execute goal [32morg.apache.maven.plugins:maven-enforcer-plugin:3.5.0:enforce[m [1m(default-cli)[m on project [36maliyun-oss-spring-boot-starter[m: [1;31m[m
[[1;31mERROR[m] [1;31mRule 0: org.apache.maven.enforcer.rules.version.RequireMavenVersion failed with message:[m
[[1;31mERROR[m] [1;31mYou are running an older version of Maven. This application requires at least Maven 3.9.9.[m
[[1;31mERROR[m] -> [1m[Help 1][m
[[1;31mERROR[m] 
[[1;31mERROR[m] To see the full stack trace of the errors, re-run Maven with the [1m-e[m switch.
[[1;31mERROR[m] Re-run Maven using the [1m-X[m switch to enable full debug logging.
[[1;31mERROR[m] 
[[1;31mERROR[m] For more information about the errors and possible solutions, please read the following articles:
[[1;31mERROR[m] [1m[Help 1][m http://cwiki.apache.org/confluence/display/MAVEN/MojoExecutionException
[aliyun-oss-spring-boot-starter/4.0.x] 失败 - 查看日志
[[1;34mINFO[m] Scanning for projects...
[[1;34mINFO[m] 
[[1;34mINFO[m] [1m----------< [0;36mio.github.hiwepy:aliyun-oss-spring-boot-starter[0;1m >----------[m
[[1;34mINFO[m] [1mBuilding io.github.hiwepy:aliyun-oss-spring-boot-starter 1.0.2-SNAPSHOT[m
[[1;34mINFO[m] [1m--------------------------------[ jar ]---------------------------------[m
Downloading from aiban-tianyin-core: https://aiban-maven.pkg.coding.net/repository/tianyin/core/com/aliyun/oss/aliyun-sdk-oss/3.10.2/aliyun-sdk-oss-3.10.2.pom
Progress (1): 2.6 kB
Progress (1): 6.7 kB
Progress (1): 8.8 kB
                    
Downloaded from aiban-tianyin-core: https://aiban-maven.pkg.coding.net/repository/tianyin/core/com/aliyun/oss/aliyun-sdk-oss/3.10.2/aliyun-sdk-oss-3.10.2.pom (8.8 kB at 14 kB/s)
Downloading from aiban-tianyin-core: https://aiban-maven.pkg.coding.net/repository/tianyin/core/org/codehaus/jettison/jettison/1.1/jettison-1.1.pom
Downloaded from aiban-tianyin-core: https://aiban-maven.pkg.coding.net/repository/tianyin/core/org/codehaus/jettison/jettison/1.1/jettison-1.1.pom (0 B at 0 B/s)
Downloading from aiban-tianyin-core: https://aiban-maven.pkg.coding.net/repository/tianyin/core/stax/stax-api/1.0.1/stax-api-1.0.1.pom
Downloaded from aiban-tianyin-core: https://aiban-maven.pkg.coding.net/repository/tianyin/core/stax/stax-api/1.0.1/stax-api-1.0.1.pom (0 B at 0 B/s)
Downloading from aiban-tianyin-core: https://aiban-maven.pkg.coding.net/repository/tianyin/core/com/aliyun/aliyun-java-sdk-core/3.4.0/aliyun-java-sdk-core-3.4.0.pom
Downloaded from aiban-tianyin-core: https://aiban-maven.pkg.coding.net/repository/tianyin/core/com/aliyun/aliyun-java-sdk-core/3.4.0/aliyun-java-sdk-core-3.4.0.pom (0 B at 0 B/s)
Downloading from aiban-tianyin-core: https://aiban-maven.pkg.coding.net/repository/tianyin/core/com/aliyun/aliyun-java-sdk-ram/3.0.0/aliyun-java-sdk-ram-3.0.0.pom
Downloaded from aiban-tianyin-core: https://aiban-maven.pkg.coding.net/repository/tianyin/core/com/aliyun/aliyun-java-sdk-ram/3.0.0/aliyun-java-sdk-ram-3.0.0.pom (0 B at 0 B/s)
Downloading from aiban-tianyin-core: https://aiban-maven.pkg.coding.net/repository/tianyin/core/com/aliyun/aliyun-java-sdk-sts/3.0.0/aliyun-java-sdk-sts-3.0.0.pom
Downloaded from aiban-tianyin-core: https://aiban-maven.pkg.coding.net/repository/tianyin/core/com/aliyun/aliyun-java-sdk-sts/3.0.0/aliyun-java-sdk-sts-3.0.0.pom (0 B at 0 B/s)
Downloading from aiban-tianyin-core: https://aiban-maven.pkg.coding.net/repository/tianyin/core/com/aliyun/aliyun-java-sdk-ecs/4.2.0/aliyun-java-sdk-ecs-4.2.0.pom
Downloaded from aiban-tianyin-core: https://aiban-maven.pkg.coding.net/repository/tianyin/core/com/aliyun/aliyun-java-sdk-ecs/4.2.0/aliyun-java-sdk-ecs-4.2.0.pom (0 B at 0 B/s)
Downloading from aiban-tianyin-core: https://aiban-maven.pkg.coding.net/repository/tianyin/core/com/aliyun/aliyun-java-sdk-kms/2.7.0/aliyun-java-sdk-kms-2.7.0.pom
Progress (1): 2.6 kB
Progress (1): 4.0 kB
                    
Downloaded from aiban-tianyin-core: https://aiban-maven.pkg.coding.net/repository/tianyin/core/com/aliyun/aliyun-java-sdk-kms/2.7.0/aliyun-java-sdk-kms-2.7.0.pom (4.0 kB at 14 kB/s)
Downloading from aiban-tianyin-core: https://aiban-maven.pkg.coding.net/repository/tianyin/core/com/aliyun/oss/aliyun-sdk-oss/3.10.2/aliyun-sdk-oss-3.10.2.jar
Downloading from aiban-tianyin-core: https://aiban-maven.pkg.coding.net/repository/tianyin/core/com/aliyun/aliyun-java-sdk-kms/2.7.0/aliyun-java-sdk-kms-2.7.0.jar
Downloading from aiban-tianyin-core: https://aiban-maven.pkg.coding.net/repository/tianyin/core/com/aliyun/aliyun-java-sdk-core/3.4.0/aliyun-java-sdk-core-3.4.0.jar
Downloading from aiban-tianyin-core: https://aiban-maven.pkg.coding.net/repository/tianyin/core/stax/stax-api/1.0.1/stax-api-1.0.1.jar
Downloading from aiban-tianyin-core: https://aiban-maven.pkg.coding.net/repository/tianyin/core/org/codehaus/jettison/jettison/1.1/jettison-1.1.jar
Progress (1): 4.0 kB
Progress (1): 8.1 kB
Progress (1): 11 kB 
Progress (1): 14 kB
Progress (1): 17 kB
Progress (1): 20 kB
Progress (1): 24 kB
Progress (1): 27 kB
Progress (1): 31 kB
Progress (1): 35 kB
Progress (1): 38 kB
Progress (1): 42 kB
Progress (1): 46 kB
Progress (1): 50 kB
Progress (1): 54 kB
Progress (1): 58 kB
Progress (1): 62 kB
Progress (1): 66 kB
Progress (1): 70 kB
Progress (1): 74 kB
Progress (1): 79 kB
Progress (1): 83 kB
Progress (1): 87 kB
Progress (1): 91 kB
Progress (1): 95 kB
Progress (1): 99 kB
Progress (1): 103 kB
Progress (1): 107 kB
Progress (1): 111 kB
Progress (1): 115 kB
Progress (1): 120 kB
Progress (1): 124 kB
Progress (1): 128 kB
Progress (1): 132 kB
Progress (1): 136 kB
Progress (1): 140 kB
Progress (1): 144 kB
Progress (1): 148 kB
Progress (1): 152 kB
Progress (1): 156 kB
Progress (1): 161 kB
Progress (1): 165 kB
Progress (1): 169 kB
Progress (1): 173 kB
Progress (1): 177 kB
Progress (1): 181 kB
Progress (1): 185 kB
Progress (1): 189 kB
Progress (1): 193 kB
Progress (1): 197 kB
Progress (1): 201 kB
Progress (1): 206 kB
Progress (1): 210 kB
Progress (1): 214 kB
Progress (1): 218 kB
Progress (1): 222 kB
Progress (1): 226 kB
Progress (1): 230 kB
Progress (1): 234 kB
Progress (1): 238 kB
Progress (1): 242 kB
Progress (1): 247 kB
Progress (1): 251 kB
Progress (1): 255 kB
Progress (1): 259 kB
Progress (1): 263 kB
Progress (1): 267 kB
Progress (1): 271 kB
Progress (1): 275 kB
Progress (1): 279 kB
Progress (1): 283 kB
Progress (1): 287 kB
Progress (1): 292 kB
Progress (1): 296 kB
Progress (1): 300 kB
Progress (1): 304 kB
Progress (1): 308 kB
Progress (1): 312 kB
Progress (1): 316 kB
Progress (1): 320 kB
Progress (1): 324 kB
Progress (1): 328 kB
Progress (1): 333 kB
Progress (1): 337 kB
Progress (1): 341 kB
Progress (1): 345 kB
Progress (1): 349 kB
Progress (1): 353 kB
Progress (1): 357 kB
Progress (1): 361 kB
Progress (1): 365 kB
Progress (1): 369 kB
Progress (1): 373 kB
Progress (1): 378 kB
Progress (1): 382 kB
Progress (1): 386 kB
Progress (1): 390 kB
Progress (1): 394 kB
Progress (1): 398 kB
Progress (1): 402 kB
Progress (1): 406 kB
Progress (1): 410 kB
Progress (1): 414 kB
Progress (1): 419 kB
Progress (1): 423 kB
Progress (1): 427 kB
Progress (1): 431 kB
Progress (1): 435 kB
Progress (1): 439 kB
Progress (1): 443 kB
Progress (1): 447 kB
Progress (1): 451 kB
Progress (1): 455 kB
Progress (1): 460 kB
Progress (1): 464 kB
Progress (1): 468 kB
Progress (1): 472 kB
Progress (1): 476 kB
Progress (1): 480 kB
Progress (1): 484 kB
Progress (1): 488 kB
Progress (1): 492 kB
Progress (1): 496 kB
Progress (1): 500 kB
Progress (1): 505 kB
Progress (1): 509 kB
Progress (1): 513 kB
Progress (1): 517 kB
Progress (1): 521 kB
Progress (1): 525 kB
Progress (1): 529 kB
Progress (1): 533 kB
Progress (1): 537 kB
Progress (1): 541 kB
Progress (1): 546 kB
Progress (1): 550 kB
Progress (1): 554 kB
Progress (1): 558 kB
Progress (1): 562 kB
Progress (1): 566 kB
Progress (1): 570 kB
Progress (1): 574 kB
Progress (1): 578 kB
Progress (1): 582 kB
Progress (1): 586 kB
Progress (1): 591 kB
Progress (1): 595 kB
Progress (1): 599 kB
Progress (1): 603 kB
Progress (1): 607 kB
Progress (1): 611 kB
Progress (1): 615 kB
Progress (1): 619 kB
Progress (1): 623 kB
Progress (1): 627 kB
Progress (1): 632 kB
Progress (1): 636 kB
Progress (1): 640 kB
Progress (1): 644 kB
Progress (1): 648 kB
Progress (1): 652 kB
Progress (1): 656 kB
Progress (1): 660 kB
Progress (1): 664 kB
Progress (1): 668 kB
Progress (1): 672 kB
Progress (1): 677 kB
Progress (1): 681 kB
Progress (1): 685 kB
Progress (1): 689 kB
Progress (1): 693 kB
Progress (1): 697 kB
Progress (1): 701 kB
Progress (1): 705 kB
Progress (1): 709 kB
Progress (1): 713 kB
Progress (1): 718 kB
Progress (1): 722 kB
Progress (1): 726 kB
Progress (1): 730 kB
Progress (1): 734 kB
Progress (1): 735 kB
                    
Downloaded from aiban-tianyin-core: https://aiban-maven.pkg.coding.net/repository/tianyin/core/org/codehaus/jettison/jettison/1.1/jettison-1.1.jar (0 B at 0 B/s)
Progress (2): 735 kB | 3.8 kB
Progress (2): 735 kB | 7.9 kB
Progress (2): 735 kB | 12 kB 
                            
Downloaded from aiban-tianyin-core: https://aiban-maven.pkg.coding.net/repository/tianyin/core/com/aliyun/aliyun-java-sdk-core/3.4.0/aliyun-java-sdk-core-3.4.0.jar (0 B at 0 B/s)
Downloaded from aiban-tianyin-core: https://aiban-maven.pkg.coding.net/repository/tianyin/core/stax/stax-api/1.0.1/stax-api-1.0.1.jar (0 B at 0 B/s)
Progress (2): 735 kB | 15 kB
Progress (2): 735 kB | 19 kB
Progress (2): 735 kB | 23 kB
Progress (2): 735 kB | 27 kB
Progress (2): 735 kB | 31 kB
Progress (2): 735 kB | 35 kB
Progress (2): 735 kB | 40 kB
Progress (2): 735 kB | 44 kB
Progress (2): 735 kB | 46 kB
Progress (2): 735 kB | 49 kB
Progress (2): 735 kB | 53 kB
Progress (2): 735 kB | 55 kB
Progress (2): 735 kB | 59 kB
Progress (2): 735 kB | 63 kB
Progress (2): 735 kB | 67 kB
Progress (2): 735 kB | 72 kB
Progress (2): 735 kB | 76 kB
                            
Downloaded from aiban-tianyin-core: https://aiban-maven.pkg.coding.net/repository/tianyin/core/com/aliyun/oss/aliyun-sdk-oss/3.10.2/aliyun-sdk-oss-3.10.2.jar (735 kB at 1.5 MB/s)
Downloaded from aiban-tianyin-core: https://aiban-maven.pkg.coding.net/repository/tianyin/core/com/aliyun/aliyun-java-sdk-kms/2.7.0/aliyun-java-sdk-kms-2.7.0.jar (76 kB at 123 kB/s)
[[1;34mINFO[m] 
[[1;34mINFO[m] [1m--- [0;32mmaven-clean-plugin:3.1.0:clean[m [1m(default-clean)[m @ [36maliyun-oss-spring-boot-starter[0;1m ---[m
[[1;34mINFO[m] 
[[1;34mINFO[m] [1m--- [0;32mmaven-enforcer-plugin:3.0.0-M3:enforce[m [1m(default-cli)[m @ [36maliyun-oss-spring-boot-starter[0;1m ---[m
[[1;34mINFO[m] 
[[1;34mINFO[m] [1m--- [0;32mmaven-resources-plugin:3.1.0:resources[m [1m(default-resources)[m @ [36maliyun-oss-spring-boot-starter[0;1m ---[m
[[1;34mINFO[m] Using 'UTF-8' encoding to copy filtered resources.
[[1;34mINFO[m] Copying 0 resource
[[1;34mINFO[m] Copying 2 resources
[[1;34mINFO[m] 
[[1;34mINFO[m] [1m--- [0;32mmaven-compiler-plugin:3.8.1:compile[m [1m(default-compile)[m @ [36maliyun-oss-spring-boot-starter[0;1m ---[m
[[1;34mINFO[m] Changes detected - recompiling the module!
[[1;34mINFO[m] Compiling 11 source files to /Users/wandl/workspaces/workspace-ddd4j/workspace-ddd4j-boot-starters/aliyun-oss-spring-boot-starter/target/classes
[[1;34mINFO[m] [1m------------------------------------------------------------------------[m
[[1;34mINFO[m] [1;31mBUILD FAILURE[m
[[1;34mINFO[m] [1m------------------------------------------------------------------------[m
[[1;34mINFO[m] Total time:  3.089 s
[[1;34mINFO[m] Finished at: 2026-03-16T13:38:46+08:00
[[1;34mINFO[m] [1m------------------------------------------------------------------------[m
[[1;31mERROR[m] Failed to execute goal [32morg.apache.maven.plugins:maven-compiler-plugin:3.8.1:compile[m [1m(default-compile)[m on project [36maliyun-oss-spring-boot-starter[m: [1;31mFatal error compiling[m: java.lang.IllegalAccessError: class lombok.javac.apt.LombokProcessor (in unnamed module @0x4e50ae56) cannot access class com.sun.tools.javac.processing.JavacProcessingEnvironment (in module jdk.compiler) because module jdk.compiler does not export com.sun.tools.javac.processing to unnamed module @0x4e50ae56 -> [1m[Help 1][m
[[1;31mERROR[m] 
[[1;31mERROR[m] To see the full stack trace of the errors, re-run Maven with the [1m-e[m switch.
[[1;31mERROR[m] Re-run Maven using the [1m-X[m switch to enable full debug logging.
[[1;31mERROR[m] 
[[1;31mERROR[m] For more information about the errors and possible solutions, please read the following articles:
[[1;31mERROR[m] [1m[Help 1][m http://cwiki.apache.org/confluence/display/MAVEN/MojoExecutionException
[aliyun-oss-spring-boot-starter/main] 失败 - 查看日志
